// Jest Snapshot v1, https://goo.gl/fbAQLP

exports[`LayerToolbarMoreMenu Should match snapshot 1`] = `
<Fragment>
  <div
    className="moreMenuButton"
    data-test="moremenubutton"
    onClick={[Function]}
  >
    <IconButton
      dataTest="moremenubutton"
      onClick={[Function]}
      tooltip="More actions"
    >
      <SvgMore24 />
    </IconButton>
  </div>
  <Popover
    arrow={false}
    dataTest="dhis2-uicore-popover"
    elevation="0px 0px 1px rgba(33,41,52,0.1), 0px 4px 6px -1px rgba(33,41,52,0.1), 0px 2px 4px -1px rgba(33,41,52,0.06)"
    maxWidth={360}
    onClickOutside={[Function]}
    placement="right-start"
    reference={
      Object {
        "current": undefined,
      }
    }
  >
    <div
      className="menu"
    >
      <Menu
        dataTest="dhis2-uicore-menulist"
        dense={true}
      >
        <MenuItem
          dataTest="dhis2-uicore-menuitem"
          disabled={true}
          icon={<SvgTable16 />}
          label="Hide data table"
          onClick={[Function]}
        />
        <MenuItem
          dataTest="dhis2-uicore-menuitem"
          disabled={true}
          icon={<SvgDownload16 />}
          label="Download data"
          onClick={[Function]}
        />
        <Divider
          dataTest="dhis2-uicore-divider"
          margin="8px 0"
        />
        <MenuItem
          dataTest="dhis2-uicore-menuitem"
          icon={<SvgEdit16 />}
          label="Edit layer"
          onClick={[Function]}
        />
        <MenuItem
          dataTest="dhis2-uicore-menuitem"
          destructive={true}
          icon={<SvgDelete16 />}
          label="Remove layer"
          onClick={[Function]}
        />
      </Menu>
    </div>
  </Popover>
</Fragment>
`;
