// Jest Snapshot v1, https://goo.gl/fbAQLP

exports[`DownloadButton Should render a download button and a dialog component 1`] = `
<Fragment>
  <MenuButton
    onClick={[Function]}
  >
    Download
  </MenuButton>
  <Connect(DownloadDialog) />
</Fragment>
`;
