// Jest Snapshot v1, https://goo.gl/fbAQLP

exports[`EventDialog displays the dialog with the Data tab open 1`] = `
<div>
  <div
    data-test="eventdialog"
  >
    <div
      data-test="dhis2-uicore-tabbar"
    >
      <div
        class="jsx-359496394 fixed"
        data-test="dhis2-uicore-tabbar-tabs"
      >
        <button
          class="jsx-3980598635 tab selected"
          data-test="dhis2-uicore-tab"
        >
          <span
            class="jsx-3980598635"
          >
            Data
          </span>
        </button>
        <button
          class="jsx-3980598635 tab"
          data-test="dhis2-uicore-tab"
        >
          <span
            class="jsx-3980598635"
          >
            Period
          </span>
        </button>
        <button
          class="jsx-3980598635 tab"
          data-test="dhis2-uicore-tab"
        >
          <span
            class="jsx-3980598635"
          >
            Org Units
          </span>
        </button>
        <button
          class="jsx-3980598635 tab"
          data-test="dhis2-uicore-tab"
        >
          <span
            class="jsx-3980598635"
          >
            Filter
          </span>
        </button>
        <button
          class="jsx-3980598635 tab"
          data-test="dhis2-uicore-tab"
        >
          <span
            class="jsx-3980598635"
          >
            Style
          </span>
        </button>
      </div>
    </div>
    <div
      class="tabContent"
      data-test="eventdialog-content"
    >
      <div
        class="flexRowFlow"
        data-test="eventdialog-datatab"
      >
        <div
          class="inputField select"
        >
          <div
            class="jsx-1141087211 "
            data-test="dhis2-uiwidgets-singleselectfield"
          >
            <label
              class="jsx-2718078600 "
              data-test="dhis2-uiwidgets-singleselectfield-label"
            >
              <span
                class="jsx-2718078600"
              >
                Program
              </span>
            </label>
            <div
              class="jsx-3111771310 "
              data-test="dhis2-uiwidgets-singleselectfield-content"
            >
              <div
                class="jsx-3415779570 "
                data-test="dhis2-uicore-box"
              >
                <div
                  class="jsx-2510973279 root"
                  data-test="dhis2-uicore-singleselect"
                >
                  <div
                    class="jsx-2510973279 root-input"
                  >
                    <div
                      data-test="dhis2-uicore-select"
                    >
                      <div
                        class="jsx-297747822 root dense"
                        data-test="dhis2-uicore-select-input"
                        tabindex="0"
                      >
                        <div
                          class="jsx-297747822 root-children"
                        >
                          <div
                            class="jsx-2240447017 jsx-4123978364 root"
                          >
                            
                            
                          </div>
                        </div>
                        <div
                          class="jsx-297747822 root-right"
                        >
                          <svg
                            class="jsx-595155045 "
                            version="1.1"
                            viewBox="0 0 16 16"
                            xmlns="http://www.w3.org/2000/svg"
                          >
                            <g
                              class="jsx-595155045"
                              fill="none"
                              fill-rule="evenodd"
                              id="icon/16/arrow-down"
                              stroke="none"
                              stroke-width="1"
                            >
                              <path
                                class="jsx-595155045"
                                d="M7.29289,11.7071 C7.68342,12.0976 8.31658,12.0976 8.70711,11.7071 L13.7071,6.70711 C14.0976,6.31658 14.0976,5.68342 13.7071,5.29289 C13.3166,4.90237 12.6834,4.90237 12.2929,5.29289 L8,9.58579 L3.70711,5.29289 C3.31658,4.90237 2.68342,4.90237 2.29289,5.29289 C1.90237,5.68342 1.90237,6.31658 2.29289,6.70711 L7.29289,11.7071 Z"
                                fill="#4A5768"
                                id="arrow-down"
                              />
                            </g>
                          </svg>
                        </div>
                      </div>
                    </div>
                  </div>
                </div>
              </div>
            </div>
          </div>
        </div>
        <div
          class="inputField select"
        >
          <div
            class="jsx-1141087211 "
            data-test="dhis2-uiwidgets-singleselectfield"
          >
            <label
              class="jsx-2718078600 "
              data-test="dhis2-uiwidgets-singleselectfield-label"
            >
              <span
                class="jsx-2718078600"
              >
                Coordinate field
              </span>
            </label>
            <div
              class="jsx-3111771310 "
              data-test="dhis2-uiwidgets-singleselectfield-content"
            >
              <div
                class="jsx-3415779570 "
                data-test="dhis2-uicore-box"
              >
                <div
                  class="jsx-2510973279 root"
                  data-test="dhis2-uicore-singleselect"
                >
                  <div
                    class="jsx-2510973279 root-input"
                  >
                    <div
                      data-test="dhis2-uicore-select"
                    >
                      <div
                        class="jsx-297747822 root dense"
                        data-test="dhis2-uicore-select-input"
                        tabindex="0"
                      >
                        <div
                          class="jsx-297747822 root-children"
                        >
                          <div
                            class="jsx-2240447017 jsx-4123978364 root"
                          >
                            <div
                              class="jsx-2240447017 jsx-4123978364 root-input"
                            >
                              <div
                                class="jsx-3691749911 root"
                              >
                                Event location
                              </div>
                            </div>
                          </div>
                        </div>
                        <div
                          class="jsx-297747822 root-right"
                        >
                          <svg
                            class="jsx-595155045 "
                            version="1.1"
                            viewBox="0 0 16 16"
                            xmlns="http://www.w3.org/2000/svg"
                          >
                            <g
                              class="jsx-595155045"
                              fill="none"
                              fill-rule="evenodd"
                              id="icon/16/arrow-down"
                              stroke="none"
                              stroke-width="1"
                            >
                              <path
                                class="jsx-595155045"
                                d="M7.29289,11.7071 C7.68342,12.0976 8.31658,12.0976 8.70711,11.7071 L13.7071,6.70711 C14.0976,6.31658 14.0976,5.68342 13.7071,5.29289 C13.3166,4.90237 12.6834,4.90237 12.2929,5.29289 L8,9.58579 L3.70711,5.29289 C3.31658,4.90237 2.68342,4.90237 2.29289,5.29289 C1.90237,5.68342 1.90237,6.31658 2.29289,6.70711 L7.29289,11.7071 Z"
                                fill="#4A5768"
                                id="arrow-down"
                              />
                            </g>
                          </svg>
                        </div>
                      </div>
                    </div>
                  </div>
                </div>
              </div>
            </div>
          </div>
        </div>
        <div
          class="inputField select"
        >
          <div
            class="jsx-1141087211 "
            data-test="dhis2-uiwidgets-singleselectfield"
          >
            <label
              class="jsx-2718078600 "
              data-test="dhis2-uiwidgets-singleselectfield-label"
            >
              <span
                class="jsx-2718078600"
              >
                Event status
              </span>
            </label>
            <div
              class="jsx-3111771310 "
              data-test="dhis2-uiwidgets-singleselectfield-content"
            >
              <div
                class="jsx-3415779570 "
                data-test="dhis2-uicore-box"
              >
                <div
                  class="jsx-2510973279 root"
                  data-test="dhis2-uicore-singleselect"
                >
                  <div
                    class="jsx-2510973279 root-input"
                  >
                    <div
                      data-test="dhis2-uicore-select"
                    >
                      <div
                        class="jsx-297747822 root dense"
                        data-test="dhis2-uicore-select-input"
                        tabindex="0"
                      >
                        <div
                          class="jsx-297747822 root-children"
                        >
                          <div
                            class="jsx-2240447017 jsx-4123978364 root"
                          >
                            <div
                              class="jsx-2240447017 jsx-4123978364 root-input"
                            >
                              <div
                                class="jsx-3691749911 root"
                              >
                                All
                              </div>
                            </div>
                          </div>
                        </div>
                        <div
                          class="jsx-297747822 root-right"
                        >
                          <svg
                            class="jsx-595155045 "
                            version="1.1"
                            viewBox="0 0 16 16"
                            xmlns="http://www.w3.org/2000/svg"
                          >
                            <g
                              class="jsx-595155045"
                              fill="none"
                              fill-rule="evenodd"
                              id="icon/16/arrow-down"
                              stroke="none"
                              stroke-width="1"
                            >
                              <path
                                class="jsx-595155045"
                                d="M7.29289,11.7071 C7.68342,12.0976 8.31658,12.0976 8.70711,11.7071 L13.7071,6.70711 C14.0976,6.31658 14.0976,5.68342 13.7071,5.29289 C13.3166,4.90237 12.6834,4.90237 12.2929,5.29289 L8,9.58579 L3.70711,5.29289 C3.31658,4.90237 2.68342,4.90237 2.29289,5.29289 C1.90237,5.68342 1.90237,6.31658 2.29289,6.70711 L7.29289,11.7071 Z"
                                fill="#4A5768"
                                id="arrow-down"
                              />
                            </g>
                          </svg>
                        </div>
                      </div>
                    </div>
                  </div>
                </div>
              </div>
            </div>
          </div>
        </div>
      </div>
    </div>
  </div>
</div>
`;
