// Jest Snapshot v1, https://goo.gl/fbAQLP

exports[`Timeline should render timeline 1`] = `
<div>
  <svg
    class="dhis2-map-timeline timeline"
    style="height: 40px; bottom: 30px;"
  >
    <g
      aria-label="Play/Pause"
      class="play"
      role="button"
      transform="translate(7, 4)"
    >
      <path
        d="M0 0h24v24H0z"
        fill-opacity="0.0"
      />
      <path
        class="play-icon"
        d="M8 5v14l11-7z"
        data-test="play-button"
      />
    </g>
    <g
      transform="translate(40, 10)"
    >
      <rect
        class="period"
        height="8"
        role="button"
        width="-19.78021978021978"
        x="0"
        y="0"
      />
      <rect
        class="period"
        height="8"
        role="button"
        width="-20.439560439560438"
        x="-19.78021978021978"
        y="0"
      />
      <rect
        class="period selected"
        height="8"
        role="button"
        width="-19.78021978021978"
        x="-40.21978021978022"
        y="0"
      />
    </g>
    <g
      fill="none"
      font-family="sans-serif"
      font-size="10"
      text-anchor="middle"
      transform="translate(40, 20)"
    >
      <path
        class="domain"
        d="M0.5,6V0.5H-59.5V6"
        stroke="currentColor"
      />
    </g>
  </svg>
</div>
`;
